[sites.google.com/view/guidempf/accueile486.html]
[sites.google.com/view/guidempf/POST.1.delayed]
[backblue.gif]
[fade.gif]
[index.html]
[sites.google.com/view/guidempf/accueilfd93.html]
[sites.google.com/view/guidempf/_/ss/index.html]
[sites.google.com/view/guidempf/accueil.html]
[sites.google.com/view/guidempf/activité.html]
[sites.google.com/view/guidempf/activité/tableaux-milice.html]
[sites.google.com/view/guidempf/activité/rapport-division.html]
[sites.google.com/view/guidempf/cours-théoriques.html]
[sites.google.com/view/guidempf/cours-théoriques/rct.html]
[sites.google.com/view/guidempf/cours-théoriques/05.html]
[sites.google.com/view/guidempf/cours-théoriques/03.html]
[sites.google.com/view/guidempf/radio-mdp.html]
[sites.google.com/view/guidempf/loyalisme.html]
[sites.google.com/view/guidempf/jugement.html]
[sites.google.com/view/guidempf/hiérarchie.html]
[sites.google.com/view/guidempf/contrebande.html]
[sites.google.com/view/guidempf/codex.html]
[sites.google.com/view/guidempf/liens-utiles.html]
[sites.google.com/view/guidempf/guide.html]
[sites.google.com/view/guidempf/guide/dispatch-hautparleur.html]
[sites.google.com/view/guidempf/guide/terminologie.html]
[sites.google.com/view/guidempf/guide/respect-salutations.html]
[sites.google.com/view/guidempf/guide/code-vestimentaire.html]
[sites.google.com/view/guidempf/guide/commandement.html]
[sites.google.com/view/guidempf/guide/divisions.html]
[sites.google.com/view/guidempf/guide/brèches-de-protocoles.html]
[sites.google.com/view/guidempf/guide/formation-complémentaires.html]
[sites.google.com/view/guidempf/guide/sociostatus.html]
[sites.google.com/view/guidempf/procédure-généales.html]
[sites.google.com/view/guidempf/procédure-généales/conscription.html]
[sites.google.com/view/guidempf/procédure-généales/test-loyauté.html]
[sites.google.com/view/guidempf/procédure-généales/incarcération.html]
[sites.google.com/view/guidempf/procédure-généales/dispatch-administateur.html]
[sites.google.com/view/guidempf/procédure-généales/code-7-escouade.html]
[sites.google.com/view/guidempf/carte-cité-17.html]
[sites.google.com/view/guidempf/cwu.html]
[sites.google.com/view/guidempf/cwu/procedure-cwu-mpf.html]
[sites.google.com/view/guidempf/accueile486.html]
[sites.google.com/view/guidempf/POST.html]
[sites.google.com/view/guidempf/accueilfd93.html]
[sites.google.com/view/guidempf/_/ss/index.html]
[sites.google.com/view/guidempf/accueil.html]
[sites.google.com/view/guidempf/scanner-et-central.html]
[sites.google.com/view/guidempf/_https_/docs.google.com/forms/d/e/1FAIpQLScZWBTDALrTfCuQK22t8wgJNPN8rZfW8rCrhkb_TebtIHm_8g/viewform_.26.delayed]
[sites.google.com/view/guidempf/_https_/docs.google.com/forms/d/e/1FAIpQLSer-BzLy5Pld4mNA5GqGUmoQi8LnvDHh0ki0AlC5qJBwMvSjA/viewform_.27.delayed]
[sites.google.com/view/guidempf/_https_/docs.google.com/forms/d/e/1FAIpQLSdbFBWhuiu6tGY2VYQuKtUo8dSx8B3aiiGsIsZuJfA51eqhbg/viewform_.28.delayed]
[sites.google.com/view/guidempf/_https_/sites.google.com/view/guidempf/liens-utiles.29196e.delayed]
[sites.google.com/view/guidempf/_https_/docs.google.com/forms/d/e/1FAIpQLSfLJ28omVQ3etJD-okrgi5WeBLdxswoep2We9ADAHch4WHY8g/viewform_.2a.delayed]
[sites.google.com/view/guidempf/activité.html]
[sites.google.com/view/guidempf/activité/tableaux-milice.html]
[sites.google.com/view/guidempf/activité/POST.2b.delayed]
[sites.google.com/view/guidempf/activité/rapport-division.html]
[sites.google.com/view/guidempf/cours-théoriques.html]
[sites.google.com/view/guidempf/cours-théoriques/rct.html]
[sites.google.com/view/guidempf/cours-théoriques/POST.2c.delayed]
[sites.google.com/view/guidempf/cours-théoriques/05.html]
[sites.google.com/view/guidempf/activité/_/ss/index.html]
[sites.google.com/view/guidempf/cours-théoriques/_https_/sites.google.com/view/guidempf/guide/dispatch-hautparleur.2d196e.delayed]
[sites.google.com/view/guidempf/cours-théoriques/03.html]
[sites.google.com/view/guidempf/radio-mdp.html]
[sites.google.com/view/guidempf/loyalisme.html]
[sites.google.com/view/guidempf/jugement.html]
[sites.google.com/view/guidempf/hiérarchie.html]
[sites.google.com/view/guidempf/cours-théoriques/_/ss/index.html]
[sites.google.com/view/guidempf/_https_/imgur.com/9KBxDGe.2e.delayed]
[sites.google.com/view/guidempf/_https_/imgur.com/n1WO2IN.2f.delayed]
[sites.google.com/view/guidempf/_https_/imgur.com/PdRiPeB.30.delayed]
[sites.google.com/view/guidempf/contrebande.html]
[sites.google.com/view/guidempf/codex.html]
[sites.google.com/view/guidempf/_https_/docs.google.com/spreadsheets/d/1WFhD2f9TRAPWpqfr_dqJ4Q7gu_QrkWqynOktHdLfQEk/edit.31b34c.delayed]
[sites.google.com/view/guidempf/_https_/forms.gle/99Hz5aPQX2JVxFzr9_.32.delayed]
[sites.google.com/view/guidempf/_https_/docs.google.com/forms/d/e/1FAIpQLSdbFBWhuiu6tGY2VYQuKtUo8dSx8B3aiiGsIsZuJfA51eqhbg/viewform.33fd4a.delayed]
[sites.google.com/view/guidempf/liens-utiles.html]
[sites.google.com/view/guidempf/guide.html]
[sites.google.com/view/guidempf/guide/POST.34.delayed]
[sites.google.com/view/guidempf/guide/dispatch-hautparleur.html]
[sites.google.com/view/guidempf/guide/terminologie.html]
[sites.google.com/view/guidempf/guide/respect-salutations.html]
[sites.google.com/view/guidempf/guide/code-vestimentaire.html]
[sites.google.com/view/guidempf/guide/commandement.html]
[sites.google.com/view/guidempf/guide/_https_/sites.google.com/view/helixexogen/accueil.35196e.delayed]
[sites.google.com/view/guidempf/guide/_/ss/index.html]
[sites.google.com/view/guidempf/guide/_.36.delayed]
[sites.google.com/view/guidempf/guide/divisions.html]
[sites.google.com/view/guidempf/guide/brèches-de-protocoles.html]
[sites.google.com/view/guidempf/guide/formation-complémentaires.html]
[sites.google.com/view/guidempf/guide/sociostatus.html]
[sites.google.com/view/guidempf/procédure-généales.html]
[sites.google.com/view/guidempf/procédure-généales/conscription.html]
[sites.google.com/view/guidempf/procédure-généales/POST.37.delayed]
[sites.google.com/view/guidempf/procédure-généales/test-loyauté.html]
[sites.google.com/view/guidempf/procédure-généales/incarcération.html]
[sites.google.com/view/guidempf/procédure-généales/dispatch-administateur.html]
[sites.google.com/view/guidempf/procédure-généales/code-7-escouade.html]
[sites.google.com/view/guidempf/carte-cité-17.html]
[sites.google.com/view/guidempf/cwu.html]
[sites.google.com/view/guidempf/cwu/POST.38.delayed]
[sites.google.com/view/guidempf/cwu/procedure-cwu-mpf.html]
[sites.google.com/view/guidempf/scanner-et-central.html]
[sites.google.com/view/guidempf/_https_/docs.google.com/forms/d/e/1FAIpQLScZWBTDALrTfCuQK22t8wgJNPN8rZfW8rCrhkb_TebtIHm_8g/viewform_.html]
[sites.google.com/view/guidempf/_https_/docs.google.com/forms/d/e/1FAIpQLSer-BzLy5Pld4mNA5GqGUmoQi8LnvDHh0ki0AlC5qJBwMvSjA/viewform_.html]
[sites.google.com/view/guidempf/_https_/docs.google.com/forms/d/e/1FAIpQLSdbFBWhuiu6tGY2VYQuKtUo8dSx8B3aiiGsIsZuJfA51eqhbg/viewform_.html]
[sites.google.com/view/guidempf/_https_/sites.google.com/view/guidempf/liens-utiles196e.html]
[sites.google.com/view/guidempf/_https_/docs.google.com/forms/d/e/1FAIpQLSfLJ28omVQ3etJD-okrgi5WeBLdxswoep2We9ADAHch4WHY8g/viewform_.html]
[sites.google.com/view/guidempf/activité/POST.html]
[sites.google.com/view/guidempf/activité/_/ss/index.html]
[sites.google.com/view/guidempf/cours-théoriques/POST.html]
[sites.google.com/view/guidempf/cours-théoriques/_/ss/index.html]
[sites.google.com/view/guidempf/cours-théoriques/_https_/sites.google.com/view/guidempf/guide/dispatch-hautparleur196e.html]
[sites.google.com/view/guidempf/_https_/imgur.com/9KBxDGe.html]
[sites.google.com/view/guidempf/_https_/imgur.com/n1WO2IN.html]
[sites.google.com/view/guidempf/_https_/imgur.com/PdRiPeB.html]
[sites.google.com/view/guidempf/_https_/docs.google.com/spreadsheets/d/1WFhD2f9TRAPWpqfr_dqJ4Q7gu_QrkWqynOktHdLfQEk/editb34c.html]
[sites.google.com/view/guidempf/_https_/forms.gle/99Hz5aPQX2JVxFzr9_.html]
[sites.google.com/view/guidempf/_https_/docs.google.com/forms/d/e/1FAIpQLSdbFBWhuiu6tGY2VYQuKtUo8dSx8B3aiiGsIsZuJfA51eqhbg/viewformfd4a.html]
[sites.google.com/view/guidempf/guide/POST.html]
[sites.google.com/view/guidempf/guide/_/ss/index.html]
[sites.google.com/view/guidempf/guide/_https_/sites.google.com/view/helixexogen/accueil196e.html]
[sites.google.com/view/guidempf/guide/_.html]
[sites.google.com/view/guidempf/procédure-généales/POST.html]
[sites.google.com/view/guidempf/procédure-généales/_/ss/index.html]
[sites.google.com/view/guidempf/procédure-généales/_/ss/index.html]
[sites.google.com/view/guidempf/cwu/POST.html]
[sites.google.com/view/guidempf/cwu/_/ss/index.html]
[sites.google.com/view/guidempf/cwu/_/ss/index.html]
